I'm sorry, but errors were detected in your script. Please correct the
errors listed below, and try again.


File "game/scenes/act1b.rpy", line 103: Indentation mismatch.

Ren'Py Version: Ren'Py 8.1.0.23042901+nightly
Tue Aug 22 00:08:35 2023
